SQL> select * from category;

    CAT_ID CAT_NAME                                                                                                                                                                                                                                                                                                                                                                                                                                                                                                                                                                                                                                                                                                                                                                                                                                                                                                                                                                                                                     
---------- ----------                                                                                                                                                                                                                                                                                                                                                                                                                                                                                                                                                                                                                                                                                                                                                                                                                                                                                                                                                                                                                   
         1 BOOKS                                                                                                                                                                                                                                                                                                                                                                                                                                                                                                                                                                                                                                                                                                                                                                                                                                                                                                                                                                                                                        
         2 GAMES                                                                                                                                                                                                                                                                                                                                                                                                                                                                                                                                                                                                                                                                                                                                                                                                                                                                                                                                                                                                                        
         3 GROCERIES                                                                                                                                                                                                                                                                                                                                                                                                                                                                                                                                                                                                                                                                                                                                                                                                                                                                                                                                                                                                                    
         4 ELECTRONIC                                                                                                                                                                                                                                                                                                                                                                                                                                                                                                                                                                                                                                                                                                                                                                                                                                                                                                                                                                                                                   
         5 CLOTHES                                                                                                                                                                                                                                                                                                                                                                                                                                                                                                                                                                                                                                                                                                                                                                                                                                                                                                                                                                                                                      

SQL> select * from category;

    CAT_ID CAT_NAME                                                                                                                                                                                                                                                                                                                                                                                                                                                                                                                                                                                                                                                                                                                                                                                                                                                                                                                                                                                                                     
---------- ----------                                                                                                                                                                                                                                                                                                                                                                                                                                                                                                                                                                                                                                                                                                                                                                                                                                                                                                                                                                                                                   
         1 BOOKS                                                                                                                                                                                                                                                                                                                                                                                                                                                                                                                                                                                                                                                                                                                                                                                                                                                                                                                                                                                                                        
         2 GAMES                                                                                                                                                                                                                                                                                                                                                                                                                                                                                                                                                                                                                                                                                                                                                                                                                                                                                                                                                                                                                        
         3 GROCERIES                                                                                                                                                                                                                                                                                                                                                                                                                                                                                                                                                                                                                                                                                                                                                                                                                                                                                                                                                                                                                    
         4 ELECTRONIC                                                                                                                                                                                                                                                                                                                                                                                                                                                                                                                                                                                                                                                                                                                                                                                                                                                                                                                                                                                                                   
         5 CLOTHES                                                                                                                                                                                                                                                                                                                                                                                                                                                                                                                                                                                                                                                                                                                                                                                                                                                                                                                                                                                                                      

SQL> select * from product;

    PRO_ID PRO_NAME             PRO_DESC                      CAT_ID                                                                                                                                                                                                                                                                                                                                                                                                                                                                                                                                                                                                                                                                                                                                                                                                                                                                                                                                                                    
---------- -------------------- ------------------------- ----------                                                                                                                                                                                                                                                                                                                                                                                                                                                                                                                                                                                                                                                                                                                                                                                                                                                                                                                                                                    
         1 GTA V                Windows 7                          2                                                                                                                                                                                                                                                                                                                                                                                                                                                                                                                                                                                                                                                                                                                                                                                                                                                                                                                                                                    
         2 TSHIRT               SIZE-L                             5                                                                                                                                                                                                                                                                                                                                                                                                                                                                                                                                                                                                                                                                                                                                                                                                                                                                                                                                                                    
         3 ROG LAPTOP           Windows 10                         4                                                                                                                                                                                                                                                                                                                                                                                                                                                                                                                                                                                                                                                                                                                                                                                                                                                                                                                                                                    
         4 OATS                 Highly Nutritious                  3                                                                                                                                                                                                                                                                                                                                                                                                                                                                                                                                                                                                                                                                                                                                                                                                                                                                                                                                                                    
         5 HARRY POTTER         J.K Rowling                        1                                                                                                                                                                                                                                                                                                                                                                                                                                                                                                                                                                                                                                                                                                                                                                                                                                                                                                                                                                    
         6 MILK                 1L Toned MIlk                      3                                                                                                                                                                                                                                                                                                                                                                                                                                                                                                                                                                                                                                                                                                                                                                                                                                                                                                                                                                    
         7 Boat EarPhones       1.5Meter                           4                                                                                                                                                                                                                                                                                                                                                                                                                                                                                                                                                                                                                                                                                                                                                                                                                                                                                                                                                                    
         8 Jeans                Stretchable Denim Jeans            5                                                                                                                                                                                                                                                                                                                                                                                                                                                                                                                                                                                                                                                                                                                                                                                                                                                                                                                                                                    
         9 Project IGI          windows 7                          2                                                                                                                                                                                                                                                                                                                                                                                                                                                                                                                                                                                                                                                                                                                                                                                                                                                                                                                                                                    
        10 Hoodie               Black GUCCI                        5                                                                                                                                                                                                                                                                                                                                                                                                                                                                                                                                                                                                                                                                                                                                                                                                                                                                                                                                                                    
        11 Rich Dad Poor Dad    Robert Kiyosaki                    1                                                                                                                                                                                                                                                                                                                                                                                                                                                                                                                                                                                                                                                                                                                                                                                                                                                                                                                                                                    
        12 Train Your Brain     hireen Stephen                     1                                                                                                                                                                                                                                                                                                                                                                                                                                                                                                                                                                                                                                                                                                                                                                                                                                                                                                                                                                    

12 rows selected.

SQL> --display the category_name of category id 2
SQL> --Non Parameterised
SQL> declare
  2  n1 number(5);
  3  n2 number(5);
  4  begin
  5  n1:=10;
  6  n2:=20;
  7  dbms_output.put_line(n1);
  8  dbms_output.put_line(n2);
  9  end;
 10  /

PL/SQL procedure successfully completed.

SQL> set serveroutput on
SQL> /
10                                                                                                                                                                                                                                                                                                                                                                                                                                                                                                                                                                                                                                                                                                                                                                                                                                                                                                                                                                                                                                      
20                                                                                                                                                                                                                                                                                                                                                                                                                                                                                                                                                                                                                                                                                                                                                                                                                                                                                                                                                                                                                                      

PL/SQL procedure successfully completed.

SQL> declare
  2  n1 number(5);
  3  n2 number(5);
  4  n3 number(5);
  5  begin
  6  n1:=10;
  7  n2:=20;
  8  dbms_output.put_line(n1);
  9  dbms_output.put_line(n2);
 10  n3:=n1+n2;
 11  dbms_output.put_line('Result is ' ||n3);
 12  end;
 13  /
10                                                                                                                                                                                                                                                                                                                                                                                                                                                                                                                                                                                                                                                                                                                                                                                                                                                                                                                                                                                                                                      
20                                                                                                                                                                                                                                                                                                                                                                                                                                                                                                                                                                                                                                                                                                                                                                                                                                                                                                                                                                                                                                      
Result is 30                                                                                                                                                                                                                                                                                                                                                                                                                                                                                                                                                                                                                                                                                                                                                                                                                                                                                                                                                                                                                            

PL/SQL procedure successfully completed.

SQL> create or replace function f1
  2  return varchar
  3  is
  4  fcatname varchar(20);
  5  begin
  6  select cat_name into fcatname
  7  from category
  8  where cat_id=2;
  9  return fcatname;
 10  end;
 11  /

Function created.

SQL> select f1 from dual;

F1                                                                                                                                                                                                                                                                                                                                                                                                                                                                                                                                                                                                                                                                                                                                                                                                                                                                                                                                                                                                                                      
----------------------------------------------------------------------------------------------------------------------------------------------------------------------------------------------------------------------------------------------------------------------------------------------------------------------------------------------------------------------------------------------------------------------------------------------------------------------------------------------------------------------------------------------------------------------------------------------------------------------------------------------------------------------------------------------------------------------------------------------------------------------------------------------------------------------------------------------------------------------------------------------------------------------------------------------------------------------------------------------------------------------------------------
GAMES                                                                                                                                                                                                                                                                                                                                                                                                                                                                                                                                                                                                                                                                                                                                                                                                                                                                                                                                                                                                                                   

SQL> create or replace function f1
  2  return varchar
  3  is
  4  fcatname varchar(20);
  5  begin
  6  select cat_name into fcatname
  7  from category
  8  where cat_id=3;
  9  return fcatname;
 10  end;
 11  /

Function created.

SQL> select f1 from dual;

F1                                                                                                                                                                                                                                                                                                                                                                                                                                                                                                                                                                                                                                                                                                                                                                                                                                                                                                                                                                                                                                      
----------------------------------------------------------------------------------------------------------------------------------------------------------------------------------------------------------------------------------------------------------------------------------------------------------------------------------------------------------------------------------------------------------------------------------------------------------------------------------------------------------------------------------------------------------------------------------------------------------------------------------------------------------------------------------------------------------------------------------------------------------------------------------------------------------------------------------------------------------------------------------------------------------------------------------------------------------------------------------------------------------------------------------------
GROCERIES                                                                                                                                                                                                                                                                                                                                                                                                                                                                                                                                                                                                                                                                                                                                                                                                                                                                                                                                                                                                                               

SQL> create or replace function f2(fcatid number)
  2  return varchar
  3  is
  4  fcatname varchar(20);
  5  begin
  6  select cat_name into fcatname
  7  from category
  8  where cat_id=fcatid;
  9  return fcatname;
 10  end;
 11  /

Function created.

SQL> select f2(1) from dual;

F2(1)                                                                                                                                                                                                                                                                                                                                                                                                                                                                                                                                                                                                                                                                                                                                                                                                                                                                                                                                                                                                                                   
----------------------------------------------------------------------------------------------------------------------------------------------------------------------------------------------------------------------------------------------------------------------------------------------------------------------------------------------------------------------------------------------------------------------------------------------------------------------------------------------------------------------------------------------------------------------------------------------------------------------------------------------------------------------------------------------------------------------------------------------------------------------------------------------------------------------------------------------------------------------------------------------------------------------------------------------------------------------------------------------------------------------------------------
BOOKS                                                                                                                                                                                                                                                                                                                                                                                                                                                                                                                                                                                                                                                                                                                                                                                                                                                                                                                                                                                                                                   

SQL> select f2(2) from dual;

F2(2)                                                                                                                                                                                                                                                                                                                                                                                                                                                                                                                                                                                                                                                                                                                                                                                                                                                                                                                                                                                                                                   
----------------------------------------------------------------------------------------------------------------------------------------------------------------------------------------------------------------------------------------------------------------------------------------------------------------------------------------------------------------------------------------------------------------------------------------------------------------------------------------------------------------------------------------------------------------------------------------------------------------------------------------------------------------------------------------------------------------------------------------------------------------------------------------------------------------------------------------------------------------------------------------------------------------------------------------------------------------------------------------------------------------------------------------
GAMES                                                                                                                                                                                                                                                                                                                                                                                                                                                                                                                                                                                                                                                                                                                                                                                                                                                                                                                                                                                                                                   

SQL> select f2(3) from dual;

F2(3)                                                                                                                                                                                                                                                                                                                                                                                                                                                                                                                                                                                                                                                                                                                                                                                                                                                                                                                                                                                                                                   
----------------------------------------------------------------------------------------------------------------------------------------------------------------------------------------------------------------------------------------------------------------------------------------------------------------------------------------------------------------------------------------------------------------------------------------------------------------------------------------------------------------------------------------------------------------------------------------------------------------------------------------------------------------------------------------------------------------------------------------------------------------------------------------------------------------------------------------------------------------------------------------------------------------------------------------------------------------------------------------------------------------------------------------
GROCERIES                                                                                                                                                                                                                                                                                                                                                                                                                                                                                                                                                                                                                                                                                                                                                                                                                                                                                                                                                                                                                               

SQL> select f2(4) from dual;

F2(4)                                                                                                                                                                                                                                                                                                                                                                                                                                                                                                                                                                                                                                                                                                                                                                                                                                                                                                                                                                                                                                   
----------------------------------------------------------------------------------------------------------------------------------------------------------------------------------------------------------------------------------------------------------------------------------------------------------------------------------------------------------------------------------------------------------------------------------------------------------------------------------------------------------------------------------------------------------------------------------------------------------------------------------------------------------------------------------------------------------------------------------------------------------------------------------------------------------------------------------------------------------------------------------------------------------------------------------------------------------------------------------------------------------------------------------------
ELECTRONIC                                                                                                                                                                                                                                                                                                                                                                                                                                                                                                                                                                                                                                                                                                                                                                                                                                                                                                                                                                                                                              

SQL> select count(*)
  2  from category
  3  join
  4  product
  5  on category.cat_id=product.cat_id
  6  where
  7  cat_name like 'BOOKS';

  COUNT(*)                                                                                                                                                                                                                                                                                                                                                                                                                                                                                                                                                                                                                                                                                                                                                                                                                                                                                                                                                                                                                              
----------                                                                                                                                                                                                                                                                                                                                                                                                                                                                                                                                                                                                                                                                                                                                                                                                                                                                                                                                                                                                                              
         3                                                                                                                                                                                                                                                                                                                                                                                                                                                                                                                                                                                                                                                                                                                                                                                                                                                                                                                                                                                                                              

SQL> create or replace function f3
  2  return number
  3  is
  4  fcount number(5);
  5  begin
  6  select count(*) into fcount
  7  from category
  8  join
  9  product
 10  on category.cat_id=product.cat_id
 11  where
 12  cat_name like 'BOOKS';
 13  return fcount;
 14  end;
 15  /

Function created.

SQL> select f3 from dual;

        F3                                                                                                                                                                                                                                                                                                                                                                                                                                                                                                                                                                                                                                                                                                                                                                                                                                                                                                                                                                                                                              
----------                                                                                                                                                                                                                                                                                                                                                                                                                                                                                                                                                                                                                                                                                                                                                                                                                                                                                                                                                                                                                              
         3                                                                                                                                                                                                                                                                                                                                                                                                                                                                                                                                                                                                                                                                                                                                                                                                                                                                                                                                                                                                                              

SQL> create or replace function f4(fcatname category.cat_name%type)
  2  return number;
  3  is
  4  fcount number(5);
  5  begin
  6  select count(*) into fcount
  7  from category
  8  join
  9  product
 10  on category.cat_id=product.cat_id
 11  where
 12  cat_name like fcatname;
 13  return fcount;
 14  end;
 15  /

Warning: Function created with compilation errors.

SQL> show errors;
Errors for FUNCTION F4:

LINE/COL ERROR                                                                                                                                                                                                                                                                                                                                                                                                                                                                                                                                                                                                                                                                                                                                                                                                                                                                                                                                                                                                                          
-------- -----------------------------------------------------------------                                                                                                                                                                                                                                                                                                                                                                                                                                                                                                                                                                                                                                                                                                                                                                                                                                                                                                                                                              
3/1      PLS-00103: Encountered the symbol "IS"                                                                                                                                                                                                                                                                                                                                                                                                                                                                                                                                                                                                                                                                                                                                                                                                                                                                                                                                                                                         
9/1      PLS-00103: Encountered the symbol "PRODUCT" when expecting one of                                                                                                                                                                                                                                                                                                                                                                                                                                                                                                                                                                                                                                                                                                                                                                                                                                                                                                                                                              
         the following:                                                                                                                                                                                                                                                                                                                                                                                                                                                                                                                                                                                                                                                                                                                                                                                                                                                                                                                                                                                                                 
         , ; for group having intersect minus order start union where                                                                                                                                                                                                                                                                                                                                                                                                                                                                                                                                                                                                                                                                                                                                                                                                                                                                                                                                                                   
         connect                                                                                                                                                                                                                                                                                                                                                                                                                                                                                                                                                                                                                                                                                                                                                                                                                                                                                                                                                                                                                        
                                                                                                                                                                                                                                                                                                                                                                                                                                                                                                                                                                                                                                                                                                                                                                                                                                                                                                                                                                                                                                        
SQL> create or replace function f4(fcatname category.cat_name%type)
  2  return number
  3  is
  4  fcount number(5);
  5  begin
  6  select count(*) into fcount
  7  from category
  8  join
  9  product
 10  
 11  on category.cat_id=product.cat_id
 12  where
 13  cat_name like fcatname;
 14  return fcount;
 15  end;
 16  /

Function created.

SQL> select f4('BOOKS') from  dual;

F4('BOOKS')                                                                                                                                                                                                                                                                                                                                                                                                                                                                                                                                                                                                                                                                                                                                                                                                                                                                                                                                                                                                                             
-----------                                                                                                                                                                                                                                                                                                                                                                                                                                                                                                                                                                                                                                                                                                                                                                                                                                                                                                                                                                                                                             
          3                                                                                                                                                                                                                                                                                                                                                                                                                                                                                                                                                                                                                                                                                                                                                                                                                                                                                                                                                                                                                             

SQL> select f4('GAMES') from  dual;

F4('GAMES')                                                                                                                                                                                                                                                                                                                                                                                                                                                                                                                                                                                                                                                                                                                                                                                                                                                                                                                                                                                                                             
-----------                                                                                                                                                                                                                                                                                                                                                                                                                                                                                                                                                                                                                                                                                                                                                                                                                                                                                                                                                                                                                             
          2                                                                                                                                                                                                                                                                                                                                                                                                                                                                                                                                                                                                                                                                                                                                                                                                                                                                                                                                                                                                                             

SQL> select f4('GROCERIES') from  dual;

F4('GROCERIES')                                                                                                                                                                                                                                                                                                                                                                                                                                                                                                                                                                                                                                                                                                                                                                                                                                                                                                                                                                                                                         
---------------                                                                                                                                                                                                                                                                                                                                                                                                                                                                                                                                                                                                                                                                                                                                                                                                                                                                                                                                                                                                                         
              2                                                                                                                                                                                                                                                                                                                                                                                                                                                                                                                                                                                                                                                                                                                                                                                                                                                                                                                                                                                                                         

SQL> create or replace procedure p2
  2  is
  3  p_proid  number(5);
  4  p_proname varchar(20);
  5  p_prodesc product.pro_desc%type;
  6  p_catid product.cat_id%type;
  7  begin
  8  select * into p_proid,p_proname,p_prodesc,p_catid
  9  from product
 10  where pro_id=1;
 11  dbms_output.put_line(p_proid);
 12  dbms_output.put_line(p_proname);
 13  dbms_output.put_line(p_prodesc);
 14  dbms_output.put_line(p_catid);
 15  end;
 16  /

Procedure created.

SQL> execute p2;
1                                                                                                                                                                                                                                                                                                                                                                                                                                                                                                                                                                                                                                                                                                                                                                                                                                                                                                                                                                                                                                       
GTA V                                                                                                                                                                                                                                                                                                                                                                                                                                                                                                                                                                                                                                                                                                                                                                                                                                                                                                                                                                                                                                   
Windows 7                                                                                                                                                                                                                                                                                                                                                                                                                                                                                                                                                                                                                                                                                                                                                                                                                                                                                                                                                                                                                               
2                                                                                                                                                                                                                                                                                                                                                                                                                                                                                                                                                                                                                                                                                                                                                                                                                                                                                                                                                                                                                                       

PL/SQL procedure successfully completed.

SQL> create or replace procedure p3(ppid product.pro_id%type)
  2  is
  3  p_proid  number(5);
  4  p_proname varchar(20);
  5  p_prodesc product.pro_desc%type;
  6  p_catid product.cat_id%type;
  7  begin
  8  select * into p_proid,p_proname,p_prodesc,p_catid
  9  from product
 10  where pro_id=ppid;
 11  dbms_output.put_line(p_proid);
 12  dbms_output.put_line(p_proname);
 13  dbms_output.put_line(p_prodesc);
 14  dbms_output.put_line(p_catid);
 15  end;
 16  /

Procedure created.

SQL> execute p3(1);
1                                                                                                                                                                                                                                                                                                                                                                                                                                                                                                                                                                                                                                                                                                                                                                                                                                                                                                                                                                                                                                       
GTA V                                                                                                                                                                                                                                                                                                                                                                                                                                                                                                                                                                                                                                                                                                                                                                                                                                                                                                                                                                                                                                   
Windows 7                                                                                                                                                                                                                                                                                                                                                                                                                                                                                                                                                                                                                                                                                                                                                                                                                                                                                                                                                                                                                               
2                                                                                                                                                                                                                                                                                                                                                                                                                                                                                                                                                                                                                                                                                                                                                                                                                                                                                                                                                                                                                                       

PL/SQL procedure successfully completed.

SQL> execute p3(2);
2                                                                                                                                                                                                                                                                                                                                                                                                                                                                                                                                                                                                                                                                                                                                                                                                                                                                                                                                                                                                                                       
TSHIRT                                                                                                                                                                                                                                                                                                                                                                                                                                                                                                                                                                                                                                                                                                                                                                                                                                                                                                                                                                                                                                  
SIZE-L                                                                                                                                                                                                                                                                                                                                                                                                                                                                                                                                                                                                                                                                                                                                                                                                                                                                                                                                                                                                                                  
5                                                                                                                                                                                                                                                                                                                                                                                                                                                                                                                                                                                                                                                                                                                                                                                                                                                                                                                                                                                                                                       

PL/SQL procedure successfully completed.

SQL> execute p3(3);
3                                                                                                                                                                                                                                                                                                                                                                                                                                                                                                                                                                                                                                                                                                                                                                                                                                                                                                                                                                                                                                       
ROG LAPTOP                                                                                                                                                                                                                                                                                                                                                                                                                                                                                                                                                                                                                                                                                                                                                                                                                                                                                                                                                                                                                              
Windows 10                                                                                                                                                                                                                                                                                                                                                                                                                                                                                                                                                                                                                                                                                                                                                                                                                                                                                                                                                                                                                              
4                                                                                                                                                                                                                                                                                                                                                                                                                                                                                                                                                                                                                                                                                                                                                                                                                                                                                                                                                                                                                                       

PL/SQL procedure successfully completed.

SQL> execute p3(4);
4                                                                                                                                                                                                                                                                                                                                                                                                                                                                                                                                                                                                                                                                                                                                                                                                                                                                                                                                                                                                                                       
OATS                                                                                                                                                                                                                                                                                                                                                                                                                                                                                                                                                                                                                                                                                                                                                                                                                                                                                                                                                                                                                                    
Highly Nutritious                                                                                                                                                                                                                                                                                                                                                                                                                                                                                                                                                                                                                                                                                                                                                                                                                                                                                                                                                                                                                       
3                                                                                                                                                                                                                                                                                                                                                                                                                                                                                                                                                                                                                                                                                                                                                                                                                                                                                                                                                                                                                                       

PL/SQL procedure successfully completed.

SQL> execute p3(44);
BEGIN p3(44); END;

*
ERROR at line 1:
ORA-01403: no data found 
ORA-06512: at "SYSTEM.P3", line 8 
ORA-06512: at line 1 


SQL> create or replace procedure p4(ppid product.pro_id%type)
  2  is
  3  p_proid  number(5);
  4  p_proname varchar(20);
  5  p_prodesc product.pro_desc%type;
  6  p_catid product.cat_id%type;
  7  begin
  8  select * into p_proid,p_proname,p_prodesc,p_catid
  9  from product
 10  where pro_id=ppid;
 11  dbms_output.put_line(p_proid);
 12  dbms_output.put_line(p_proname);
 13  dbms_output.put_line(p_prodesc);
 14  dbms_output.put_line(p_catid);
 15  exception
 16  when NO_DATA_FOUND then
 17  RAISE_APPLICATION_ERROR('-20001','Product Id Does not Exist');
 18  end;
 19  /

Procedure created.

SQL> execute p4(4);
4                                                                                                                                                                                                                                                                                                                                                                                                                                                                                                                                                                                                                                                                                                                                                                                                                                                                                                                                                                                                                                       
OATS                                                                                                                                                                                                                                                                                                                                                                                                                                                                                                                                                                                                                                                                                                                                                                                                                                                                                                                                                                                                                                    
Highly Nutritious                                                                                                                                                                                                                                                                                                                                                                                                                                                                                                                                                                                                                                                                                                                                                                                                                                                                                                                                                                                                                       
3                                                                                                                                                                                                                                                                                                                                                                                                                                                                                                                                                                                                                                                                                                                                                                                                                                                                                                                                                                                                                                       

PL/SQL procedure successfully completed.

SQL> execute p4(44);
BEGIN p4(44); END;

*
ERROR at line 1:
ORA-20001: Product Id Does not Exist 
ORA-06512: at "SYSTEM.P4", line 17 
ORA-06512: at line 1 


SQL> create or replace procedure p5(ppid product.pro_id%type)
  2  is
  3  begin
  4  delete
  5  from product
  6  where pro_id=ppid;
  7  dbms_output.put_line('Record Deleted');
  8  exception
  9  when NO_DATA_FOUND then
 10  RAISE_APPLICATION_ERROR('-20001','Product Id Does not Exist');
 11  end;
 12  /

Procedure created.

SQL> execute p5(1);
Record Deleted                                                                                                                                                                                                                                                                                                                                                                                                                                                                                                                                                                                                                                                                                                                                                                                                                                                                                                                                                                                                                          

PL/SQL procedure successfully completed.

SQL> select * from product;

    PRO_ID PRO_NAME             PRO_DESC                      CAT_ID                                                                                                                                                                                                                                                                                                                                                                                                                                                                                                                                                                                                                                                                                                                                                                                                                                                                                                                                                                    
---------- -------------------- ------------------------- ----------                                                                                                                                                                                                                                                                                                                                                                                                                                                                                                                                                                                                                                                                                                                                                                                                                                                                                                                                                                    
         2 TSHIRT               SIZE-L                             5                                                                                                                                                                                                                                                                                                                                                                                                                                                                                                                                                                                                                                                                                                                                                                                                                                                                                                                                                                    
         3 ROG LAPTOP           Windows 10                         4                                                                                                                                                                                                                                                                                                                                                                                                                                                                                                                                                                                                                                                                                                                                                                                                                                                                                                                                                                    
         4 OATS                 Highly Nutritious                  3                                                                                                                                                                                                                                                                                                                                                                                                                                                                                                                                                                                                                                                                                                                                                                                                                                                                                                                                                                    
         5 HARRY POTTER         J.K Rowling                        1                                                                                                                                                                                                                                                                                                                                                                                                                                                                                                                                                                                                                                                                                                                                                                                                                                                                                                                                                                    
         6 MILK                 1L Toned MIlk                      3                                                                                                                                                                                                                                                                                                                                                                                                                                                                                                                                                                                                                                                                                                                                                                                                                                                                                                                                                                    
         7 Boat EarPhones       1.5Meter                           4                                                                                                                                                                                                                                                                                                                                                                                                                                                                                                                                                                                                                                                                                                                                                                                                                                                                                                                                                                    
         8 Jeans                Stretchable Denim Jeans            5                                                                                                                                                                                                                                                                                                                                                                                                                                                                                                                                                                                                                                                                                                                                                                                                                                                                                                                                                                    
         9 Project IGI          windows 7                          2                                                                                                                                                                                                                                                                                                                                                                                                                                                                                                                                                                                                                                                                                                                                                                                                                                                                                                                                                                    
        10 Hoodie               Black GUCCI                        5                                                                                                                                                                                                                                                                                                                                                                                                                                                                                                                                                                                                                                                                                                                                                                                                                                                                                                                                                                    
        11 Rich Dad Poor Dad    Robert Kiyosaki                    1                                                                                                                                                                                                                                                                                                                                                                                                                                                                                                                                                                                                                                                                                                                                                                                                                                                                                                                                                                    
        12 Train Your Brain     hireen Stephen                     1                                                                                                                                                                                                                                                                                                                                                                                                                                                                                                                                                                                                                                                                                                                                                                                                                                                                                                                                                                    

11 rows selected.

SQL> create or replace procedure p6
  2  is
  3  begin
  4  update product
  5  set pro_desc='K R Narayanan'
  6  where pro_id=5;
  7  dbms_output.put_line('Record Updated');
  8  exception
  9  when NO_DATA_FOUND then
 10  RAISE_APPLICATION_ERROR('-20001','Product Id Does not Exist');
 11  end;
 12  /

Procedure created.

SQL> execute p6;
Record Updated                                                                                                                                                                                                                                                                                                                                                                                                                                                                                                                                                                                                                                                                                                                                                                                                                                                                                                                                                                                                                          

PL/SQL procedure successfully completed.

SQL> select * from product;

    PRO_ID PRO_NAME             PRO_DESC                      CAT_ID                                                                                                                                                                                                                                                                                                                                                                                                                                                                                                                                                                                                                                                                                                                                                                                                                                                                                                                                                                    
---------- -------------------- ------------------------- ----------                                                                                                                                                                                                                                                                                                                                                                                                                                                                                                                                                                                                                                                                                                                                                                                                                                                                                                                                                                    
         2 TSHIRT               SIZE-L                             5                                                                                                                                                                                                                                                                                                                                                                                                                                                                                                                                                                                                                                                                                                                                                                                                                                                                                                                                                                    
         3 ROG LAPTOP           Windows 10                         4                                                                                                                                                                                                                                                                                                                                                                                                                                                                                                                                                                                                                                                                                                                                                                                                                                                                                                                                                                    
         4 OATS                 Highly Nutritious                  3                                                                                                                                                                                                                                                                                                                                                                                                                                                                                                                                                                                                                                                                                                                                                                                                                                                                                                                                                                    
         5 HARRY POTTER         K R Narayanan                      1                                                                                                                                                                                                                                                                                                                                                                                                                                                                                                                                                                                                                                                                                                                                                                                                                                                                                                                                                                    
         6 MILK                 1L Toned MIlk                      3                                                                                                                                                                                                                                                                                                                                                                                                                                                                                                                                                                                                                                                                                                                                                                                                                                                                                                                                                                    
         7 Boat EarPhones       1.5Meter                           4                                                                                                                                                                                                                                                                                                                                                                                                                                                                                                                                                                                                                                                                                                                                                                                                                                                                                                                                                                    
         8 Jeans                Stretchable Denim Jeans            5                                                                                                                                                                                                                                                                                                                                                                                                                                                                                                                                                                                                                                                                                                                                                                                                                                                                                                                                                                    
         9 Project IGI          windows 7                          2                                                                                                                                                                                                                                                                                                                                                                                                                                                                                                                                                                                                                                                                                                                                                                                                                                                                                                                                                                    
        10 Hoodie               Black GUCCI                        5                                                                                                                                                                                                                                                                                                                                                                                                                                                                                                                                                                                                                                                                                                                                                                                                                                                                                                                                                                    
        11 Rich Dad Poor Dad    Robert Kiyosaki                    1                                                                                                                                                                                                                                                                                                                                                                                                                                                                                                                                                                                                                                                                                                                                                                                                                                                                                                                                                                    
        12 Train Your Brain     hireen Stephen                     1                                                                                                                                                                                                                                                                                                                                                                                                                                                                                                                                                                                                                                                                                                                                                                                                                                                                                                                                                                    

11 rows selected.

SQL> declare
  2  begin
  3  p6;
  4  end;
  5  /
Record Updated                                                                                                                                                                                                                                                                                                                                                                                                                                                                                                                                                                                                                                                                                                                                                                                                                                                                                                                                                                                                                          

PL/SQL procedure successfully completed.

SQL> declare
  2  product_id product.pro_id%type;
  3  begin
  4  product_id := &ProductId;
  5  p5(product_id);
  6  end;
  7  /
Enter value for productid: 6
old   4: product_id := &ProductId;
new   4: product_id := 6;
Record Deleted                                                                                                                                                                                                                                                                                                                                                                                                                                                                                                                                                                                                                                                                                                                                                                                                                                                                                                                                                                                                                          

PL/SQL procedure successfully completed.

SQL> select * from product;

    PRO_ID PRO_NAME             PRO_DESC                      CAT_ID                                                                                                                                                                                                                                                                                                                                                                                                                                                                                                                                                                                                                                                                                                                                                                                                                                                                                                                                                                    
---------- -------------------- ------------------------- ----------                                                                                                                                                                                                                                                                                                                                                                                                                                                                                                                                                                                                                                                                                                                                                                                                                                                                                                                                                                    
         2 TSHIRT               SIZE-L                             5                                                                                                                                                                                                                                                                                                                                                                                                                                                                                                                                                                                                                                                                                                                                                                                                                                                                                                                                                                    
         3 ROG LAPTOP           Windows 10                         4                                                                                                                                                                                                                                                                                                                                                                                                                                                                                                                                                                                                                                                                                                                                                                                                                                                                                                                                                                    
         4 OATS                 Highly Nutritious                  3                                                                                                                                                                                                                                                                                                                                                                                                                                                                                                                                                                                                                                                                                                                                                                                                                                                                                                                                                                    
         5 HARRY POTTER         K R Narayanan                      1                                                                                                                                                                                                                                                                                                                                                                                                                                                                                                                                                                                                                                                                                                                                                                                                                                                                                                                                                                    
         7 Boat EarPhones       1.5Meter                           4                                                                                                                                                                                                                                                                                                                                                                                                                                                                                                                                                                                                                                                                                                                                                                                                                                                                                                                                                                    
         8 Jeans                Stretchable Denim Jeans            5                                                                                                                                                                                                                                                                                                                                                                                                                                                                                                                                                                                                                                                                                                                                                                                                                                                                                                                                                                    
         9 Project IGI          windows 7                          2                                                                                                                                                                                                                                                                                                                                                                                                                                                                                                                                                                                                                                                                                                                                                                                                                                                                                                                                                                    
        10 Hoodie               Black GUCCI                        5                                                                                                                                                                                                                                                                                                                                                                                                                                                                                                                                                                                                                                                                                                                                                                                                                                                                                                                                                                    
        11 Rich Dad Poor Dad    Robert Kiyosaki                    1                                                                                                                                                                                                                                                                                                                                                                                                                                                                                                                                                                                                                                                                                                                                                                                                                                                                                                                                                                    
        12 Train Your Brain     hireen Stephen                     1                                                                                                                                                                                                                                                                                                                                                                                                                                                                                                                                                                                                                                                                                                                                                                                                                                                                                                                                                                    

10 rows selected.

SQL> declare
  2  counter number(5);
  3  begin
  4  /
begin
    *
ERROR at line 3:
ORA-06550: line 3, column 5: 
PLS-00103: Encountered the symbol "end-of-file" when expecting one of the following: 
( begin case declare exit for goto if loop mod null pragma 
raise return select update while with <an identifier> 
<a double-quoted delimited-identifier> <a bind variable> << 
continue close current delete fetch lock insert open rollback 
savepoint set sql execute commit forall merge pipe purge 


SQL> declare
  2  counter number(5);
  3  catname product.cat_name%type;
  4  begin
  5  catname:=&CatName;
  6  counter:=f4(catname);
  7  dbms_output.put_line(catname||' has total '||counter||' products');
  8  end;
  9  /
Enter value for catname: 'BOOKS';
old   5: catname:=&CatName;
new   5: catname:='BOOKS';;
catname:='BOOKS';;
                 *
ERROR at line 5:
ORA-06550: line 5, column 18: 
PLS-00103: Encountered the symbol ";" when expecting one of the following: 
( begin case declare end exception exit for goto if loop mod 
null pragma raise return select update while with 
<an identifier> <a double-quoted delimited-identifier> 
<a bind variable> << continue close current delete fetch lock 
insert open rollback savepoint set sql execute commit forall 
merge pipe purge 
The symbol "exit" was substituted for ";" to continue. 


SQL> declare
  2  counter number(5);
  3  catname product.cat_name%type;
  4  begin
  5  catname:='&CatName';
  6  counter:=f4(catname);
  7  dbms_output.put_line(catname||' has total '||counter||' products');
  8  end;
  9  /
Enter value for catname: BOOKS
old   5: catname:='&CatName';
new   5: catname:='BOOKS';
catname product.cat_name%type;
                *
ERROR at line 3:
ORA-06550: line 3, column 17: 
PLS-00302: component 'CAT_NAME' must be declared 
ORA-06550: line 3, column 9: 
PL/SQL: Item ignored 
ORA-06550: line 5, column 1: 
PLS-00320: the declaration of the type of this expression is incomplete or malformed 
ORA-06550: line 5, column 1: 
PL/SQL: Statement ignored 
ORA-06550: line 6, column 13: 
PLS-00320: the declaration of the type of this expression is incomplete or malformed 
ORA-06550: line 6, column 1: 
PL/SQL: Statement ignored 
ORA-06550: line 7, column 22: 
PLS-00320: the declaration of the type of this expression is incomplete or malformed 
ORA-06550: line 7, column 1: 
PL/SQL: Statement ignored 


SQL> declare
  2  counter number(5);
  3  catname category.cat_name%type;
  4  begin
  5  catname:='&CatName';
  6  counter:=f4(catname);
  7  dbms_output.put_line(catname||' has total '||counter||' products');
  8  end;
  9  /
Enter value for catname: BOOKS
old   5: catname:='&CatName';
new   5: catname:='BOOKS';
BOOKS has total 3 products                                                                                                                                                                                                                                                                                                                                                                                                                                                                                                                                                                                                                                                                                                                                                                                                                                                                                                                                                                                                              

PL/SQL procedure successfully completed.

SQL> /
Enter value for catname: GAMES
old   5: catname:='&CatName';
new   5: catname:='GAMES';
GAMES has total 1 products                                                                                                                                                                                                                                                                                                                                                                                                                                                                                                                                                                                                                                                                                                                                                                                                                                                                                                                                                                                                              

PL/SQL procedure successfully completed.

SQL> /
Enter value for catname: GROCERIES
old   5: catname:='&CatName';
new   5: catname:='GROCERIES';
GROCERIES has total 1 products                                                                                                                                                                                                                                                                                                                                                                                                                                                                                                                                                                                                                                                                                                                                                                                                                                                                                                                                                                                                          

PL/SQL procedure successfully completed.

SQL> 
SQL>  create or replace procedure p7(ppid product.pro_id%type)
  2   is
  3   p product%rowtype;
  4   begin
  5   select * into p
  6   from product
  7   where pro_id=ppid;
  8   dbms_output.put_line(p.pro_id);
  9   dbms_output.put_line(p.pro_name);
 10   dbms_output.put_line(p.pro_desc);
 11   dbms_output.put_line(p.cat_id);
 12   exception
 13   when NO_DATA_FOUND then
 14   RAISE_APPLICATION_ERROR('-20001','Product Id Does not Exist');
 15   end;
 16   /

Procedure created.

SQL> execute p7(9);
9                                                                                                                                                                                                                                                                                                                                                                                                                                                                                                                                                                                                                                                                                                                                                                                                                                                                                                                                                                                                                                       
Project IGI                                                                                                                                                                                                                                                                                                                                                                                                                                                                                                                                                                                                                                                                                                                                                                                                                                                                                                                                                                                                                             
windows 7                                                                                                                                                                                                                                                                                                                                                                                                                                                                                                                                                                                                                                                                                                                                                                                                                                                                                                                                                                                                                               
2                                                                                                                                                                                                                                                                                                                                                                                                                                                                                                                                                                                                                                                                                                                                                                                                                                                                                                                                                                                                                                       

PL/SQL procedure successfully completed.

SQL> declare
  2  cursor c1
  3  is
  4  select pro_name
  5  from product
  6  join
  7  category
  8  on
  9  product.cat_id=category.cat_id
 10  where
 11  cat_name like 'BOOKS';
 12  begin
 13  for book in c1
 14  loop
 15  dbms_output.put_line(book.pro_name);
 16  end loop;
 17  end;
 18  /
HARRY POTTER                                                                                                                                                                                                                                                                                                                                                                                                                                                                                                                                                                                                                                                                                                                                                                                                                                                                                                                                                                                                                            
Rich Dad Poor Dad                                                                                                                                                                                                                                                                                                                                                                                                                                                                                                                                                                                                                                                                                                                                                                                                                                                                                                                                                                                                                       
Train Your Brain                                                                                                                                                                                                                                                                                                                                                                                                                                                                                                                                                                                                                                                                                                                                                                                                                                                                                                                                                                                                                        

PL/SQL procedure successfully completed.

SQL> declare
  2  cursor c1
  3  is
  4  select pro_name
  5  from product
  6  join
  7  category
  8  on
  9  product.cat_id=category.cat_id
 10  where
 11  cat_name like 'GAMES';
 12  begin
 13  for x in c1
 14  loop
 15  dbms_output.put_line(x.pro_name);
 16  end loop;
 17  end;
 18  /
Project IGI                                                                                                                                                                                                                                                                                                                                                                                                                                                                                                                                                                                                                                                                                                                                                                                                                                                                                                                                                                                                                             

PL/SQL procedure successfully completed.

SQL> declare
  2  cursor c1(ccname category.cat_name%type)
  3  is
  4  select pro_name
  5  from product
  6  join
  7  category
  8  on
  9  product.cat_id=category.cat_id
 10  where
 11  cat_name like ccname;
 12  begin
 13  for x in c1('&CategoryName')
 14  loop
 15  dbms_output.put_line(x.pro_name);
 16  end loop;
 17  end;
 18  /
Enter value for categoryname: BOOKS
old  13: for x in c1('&CategoryName')
new  13: for x in c1('BOOKS')
HARRY POTTER                                                                                                                                                                                                                                                                                                                                                                                                                                                                                                                                                                                                                                                                                                                                                                                                                                                                                                                                                                                                                            
Rich Dad Poor Dad                                                                                                                                                                                                                                                                                                                                                                                                                                                                                                                                                                                                                                                                                                                                                                                                                                                                                                                                                                                                                       
Train Your Brain                                                                                                                                                                                                                                                                                                                                                                                                                                                                                                                                                                                                                                                                                                                                                                                                                                                                                                                                                                                                                        

PL/SQL procedure successfully completed.

SQL> /
Enter value for categoryname: GAMES
old  13: for x in c1('&CategoryName')
new  13: for x in c1('GAMES')
Project IGI                                                                                                                                                                                                                                                                                                                                                                                                                                                                                                                                                                                                                                                                                                                                                                                                                                                                                                                                                                                                                             

PL/SQL procedure successfully completed.

SQL> /
Enter value for categoryname: GROCERIES
old  13: for x in c1('&CategoryName')
new  13: for x in c1('GROCERIES')
OATS                                                                                                                                                                                                                                                                                                                                                                                                                                                                                                                                                                                                                                                                                                                                                                                                                                                                                                                                                                                                                                    

PL/SQL procedure successfully completed.

SQL> declare
  2  cursor c1(ccname category.cat_name%type)
  3  is
  4  select pro_name
  5  from product
  6  join
  7  category
  8  on
  9  product.cat_id=category.cat_id
 10  where
 11  cat_name like ccname;
 12  begin
 13  for x in c1('&CategoryName')
 14  loop
 15  update product
 16  set pro_desc='Win 10';
 17  end loop;
 18  end;
 19  /
Enter value for categoryname: GAMES
old  13: for x in c1('&CategoryName')
new  13: for x in c1('GAMES')

PL/SQL procedure successfully completed.

SQL> select * from product;

    PRO_ID PRO_NAME             PRO_DESC                      CAT_ID                                                                                                                                                                                                                                                                                                                                                                                                                                                                                                                                                                                                                                                                                                                                                                                                                                                                                                                                                                    
---------- -------------------- ------------------------- ----------                                                                                                                                                                                                                                                                                                                                                                                                                                                                                                                                                                                                                                                                                                                                                                                                                                                                                                                                                                    
         2 TSHIRT               Win 10                             5                                                                                                                                                                                                                                                                                                                                                                                                                                                                                                                                                                                                                                                                                                                                                                                                                                                                                                                                                                    
         3 ROG LAPTOP           Win 10                             4                                                                                                                                                                                                                                                                                                                                                                                                                                                                                                                                                                                                                                                                                                                                                                                                                                                                                                                                                                    
         4 OATS                 Win 10                             3                                                                                                                                                                                                                                                                                                                                                                                                                                                                                                                                                                                                                                                                                                                                                                                                                                                                                                                                                                    
         5 HARRY POTTER         Win 10                             1                                                                                                                                                                                                                                                                                                                                                                                                                                                                                                                                                                                                                                                                                                                                                                                                                                                                                                                                                                    
         7 Boat EarPhones       Win 10                             4                                                                                                                                                                                                                                                                                                                                                                                                                                                                                                                                                                                                                                                                                                                                                                                                                                                                                                                                                                    
         8 Jeans                Win 10                             5                                                                                                                                                                                                                                                                                                                                                                                                                                                                                                                                                                                                                                                                                                                                                                                                                                                                                                                                                                    
         9 Project IGI          Win 10                             2                                                                                                                                                                                                                                                                                                                                                                                                                                                                                                                                                                                                                                                                                                                                                                                                                                                                                                                                                                    
        10 Hoodie               Win 10                             5                                                                                                                                                                                                                                                                                                                                                                                                                                                                                                                                                                                                                                                                                                                                                                                                                                                                                                                                                                    
        11 Rich Dad Poor Dad    Win 10                             1                                                                                                                                                                                                                                                                                                                                                                                                                                                                                                                                                                                                                                                                                                                                                                                                                                                                                                                                                                    
        12 Train Your Brain     Win 10                             1                                                                                                                                                                                                                                                                                                                                                                                                                                                                                                                                                                                                                                                                                                                                                                                                                                                                                                                                                                    

10 rows selected.

SQL> declare
  2  cursor c1
  3  is
  4  select cat_id,pro_name
  5  from product
  6  join
  7  category
  8  on
  9  product.cat_id=category.cat_id
 10  where
 11  cat_name like 'BOOKS';
 12  begin
 13  for x in c1
 14  loop
 15  update product
 16  set pro_desc='Win 11'
 17  where
 18  x.cat_id=1;
 19  end loop;
 20  end;
 21  /
select cat_id,pro_name
       *
ERROR at line 4:
ORA-06550: line 4, column 8: 
PL/SQL: ORA-00918: column ambiguously defined 
ORA-06550: line 4, column 1: 
PL/SQL: SQL Statement ignored 
ORA-06550: line 17, column 7: 
PLS-00364: loop index variable 'X' use is invalid 
ORA-06550: line 17, column 7: 
PL/SQL: ORA-00904: "X"."CAT_ID": invalid identifier 
ORA-06550: line 15, column 1: 
PL/SQL: SQL Statement ignored 


SQL> declare
  2  cursor c1
  3  is
  4  select cat_id,pro_name
  5  from product
  6  join
  7  category
  8  on
  9  product.cat_id=category.cat_id
 10  where
 11  cat_name like 'BOOKS';
 12  begin
 13  for x in c1
 14  loop
 15  update product
 16  set pro_desc='Win 11'
 17  where
 18  cat_id=1;
 19  end loop;
 20  end;
 21  /
select cat_id,pro_name
       *
ERROR at line 4:
ORA-06550: line 4, column 8: 
PL/SQL: ORA-00918: column ambiguously defined 
ORA-06550: line 4, column 1: 
PL/SQL: SQL Statement ignored 


SQL> declare
  2  cursor c1
  3  is
  4  select category.cat_id,pro_name
  5  from product
  6  join
  7  category
  8  on
  9  product.cat_id=category.cat_id
 10  where
 11  cat_name like 'BOOKS';
 12  begin
 13  for x in c1
 14  loop
 15  update product
 16  set pro_desc='Win 11'
 17  where
 18  cat_id=1;
 19  end loop;
 20  end;
 21  /

PL/SQL procedure successfully completed.

SQL> select * from product;

    PRO_ID PRO_NAME             PRO_DESC                      CAT_ID                                                                                                                                                                                                                                                                                                                                                                                                                                                                                                                                                                                                                                                                                                                                                                                                                                                                                                                                                                    
---------- -------------------- ------------------------- ----------                                                                                                                                                                                                                                                                                                                                                                                                                                                                                                                                                                                                                                                                                                                                                                                                                                                                                                                                                                    
         2 TSHIRT               Win 10                             5                                                                                                                                                                                                                                                                                                                                                                                                                                                                                                                                                                                                                                                                                                                                                                                                                                                                                                                                                                    
         3 ROG LAPTOP           Win 10                             4                                                                                                                                                                                                                                                                                                                                                                                                                                                                                                                                                                                                                                                                                                                                                                                                                                                                                                                                                                    
         4 OATS                 Win 10                             3                                                                                                                                                                                                                                                                                                                                                                                                                                                                                                                                                                                                                                                                                                                                                                                                                                                                                                                                                                    
         5 HARRY POTTER         Win 11                             1                                                                                                                                                                                                                                                                                                                                                                                                                                                                                                                                                                                                                                                                                                                                                                                                                                                                                                                                                                    
         7 Boat EarPhones       Win 10                             4                                                                                                                                                                                                                                                                                                                                                                                                                                                                                                                                                                                                                                                                                                                                                                                                                                                                                                                                                                    
         8 Jeans                Win 10                             5                                                                                                                                                                                                                                                                                                                                                                                                                                                                                                                                                                                                                                                                                                                                                                                                                                                                                                                                                                    
         9 Project IGI          Win 10                             2                                                                                                                                                                                                                                                                                                                                                                                                                                                                                                                                                                                                                                                                                                                                                                                                                                                                                                                                                                    
        10 Hoodie               Win 10                             5                                                                                                                                                                                                                                                                                                                                                                                                                                                                                                                                                                                                                                                                                                                                                                                                                                                                                                                                                                    
        11 Rich Dad Poor Dad    Win 11                             1                                                                                                                                                                                                                                                                                                                                                                                                                                                                                                                                                                                                                                                                                                                                                                                                                                                                                                                                                                    
        12 Train Your Brain     Win 11                             1                                                                                                                                                                                                                                                                                                                                                                                                                                                                                                                                                                                                                                                                                                                                                                                                                                                                                                                                                                    

10 rows selected.

SQL> select * from employee;

no rows selected

SQL> desc employee;
 Name                                                                                                                                                                                                                                                                                                                                                                                                                                                                                                                                                                                                              Null?    Type
 ----------------------------------------------------------------------------------------------------------------------------------------------------------------------------------------------------------------------------------------------------------------------------------------------------------------------------------------------------------------------------------------------------------------------------------------------------------------------------------------------------------------------------------------------------------------------------------------------------------------- -------- ------------------------------------------------------------------------------------------------------------------------------------------------------------------------------------------------------------------------------------------------------------------------------------------------------------------------------------------------------------------------------------------------------------
 ENO                                                                                                                                                                                                                                                                                                                                                                                                                                                                                                                                                                                                               NOT NULL NUMBER(5)
 ENAME                                                                                                                                                                                                                                                                                                                                                                                                                                                                                                                                                                                                                      VARCHAR2(10)
 SAL                                                                                                                                                                                                                                                                                                                                                                                                                                                                                                                                                                                                                        NUMBER(5)
 GENDER                                                                                                                                                                                                                                                                                                                                                                                                                                                                                                                                                                                                                     VARCHAR2(1)

SQL> insert into emp values(101,'Alice',800,'m');
insert into emp values(101,'Alice',800,'m')
            *
ERROR at line 1:
ORA-00942: table or view does not exist 


SQL> insert into employee values(101,'Alice',800,'m');

1 row created.

SQL> select * from employee;

       ENO ENAME             SAL G                                                                                                                                                                                                                                                                                                                                                                                                                                                                                                                                                                                                                                                                                                                                                                                                                                                                                                                                                                                                      
---------- ---------- ---------- -                                                                                                                                                                                                                                                                                                                                                                                                                                                                                                                                                                                                                                                                                                                                                                                                                                                                                                                                                                                                      
       101 Alice             800 m                                                                                                                                                                                                                                                                                                                                                                                                                                                                                                                                                                                                                                                                                                                                                                                                                                                                                                                                                                                                      

SQL> create or replace trigger t1
  2  before
  3  insert or update
  4  on employee
  5  for each row
  6  begin
  7  if :new.sal <0 then
  8  RAISE_APPLICATION_ERROR('-20001','Invalid Salary');
  9  end if;
 10  end;
 11  /

Trigger created.

SQL> insert into employee values(102,'Ben',0,'m');

1 row created.

SQL> insert into employee values(103,'Chris',-100,'m');
insert into employee values(103,'Chris',-100,'m')
            *
ERROR at line 1:
ORA-20001: Invalid Salary 
ORA-06512: at "SYSTEM.T1", line 3 
ORA-04088: error during execution of trigger 'SYSTEM.T1' 


SQL> select * from employee;

       ENO ENAME             SAL G                                                                                                                                                                                                                                                                                                                                                                                                                                                                                                                                                                                                                                                                                                                                                                                                                                                                                                                                                                                                      
---------- ---------- ---------- -                                                                                                                                                                                                                                                                                                                                                                                                                                                                                                                                                                                                                                                                                                                                                                                                                                                                                                                                                                                                      
       101 Alice             800 m                                                                                                                                                                                                                                                                                                                                                                                                                                                                                                                                                                                                                                                                                                                                                                                                                                                                                                                                                                                                      
       102 Ben                 0 m                                                                                                                                                                                                                                                                                                                                                                                                                                                                                                                                                                                                                                                                                                                                                                                                                                                                                                                                                                                                      

SQL> update employee
  2  set sal=-100
  3  where eno=101;
update employee
       *
ERROR at line 1:
ORA-20001: Invalid Salary 
ORA-06512: at "SYSTEM.T1", line 3 
ORA-04088: error during execution of trigger 'SYSTEM.T1' 


SQL> create table tempEmployee(
  2  eno number(5),
  3  ename varchar2(10),
  4  hikedate date,
  5  oldsal number(5));

Table created.

SQL> create or replace trigger t2
  2  after
  3  update
  4  on employee
  5  for each row
  6  begin
  7  insert into tempEmployee values(:old.eno,:old.ename,sysdate,:old.sal);
  8  end;
  9  /

Trigger created.

SQL> select * from employee;

       ENO ENAME             SAL G                                                                                                                                                                                                                                                                                                                                                                                                                                                                                                                                                                                                                                                                                                                                                                                                                                                                                                                                                                                                      
---------- ---------- ---------- -                                                                                                                                                                                                                                                                                                                                                                                                                                                                                                                                                                                                                                                                                                                                                                                                                                                                                                                                                                                                      
       101 Alice             800 m                                                                                                                                                                                                                                                                                                                                                                                                                                                                                                                                                                                                                                                                                                                                                                                                                                                                                                                                                                                                      
       102 Ben                 0 m                                                                                                                                                                                                                                                                                                                                                                                                                                                                                                                                                                                                                                                                                                                                                                                                                                                                                                                                                                                                      

SQL> select * from tempemployee;

no rows selected

SQL> update employee
  2  set sal=1200
  3  where eno=101;

1 row updated.

SQL> select * from tempemployee;

       ENO ENAME      HIKEDATE      OLDSAL                                                                                                                                                                                                                                                                                                                                                                                                                                                                                                                                                                                                                                                                                                                                                                                                                                                                                                                                                                                              
---------- ---------- --------- ----------                                                                                                                                                                                                                                                                                                                                                                                                                                                                                                                                                                                                                                                                                                                                                                                                                                                                                                                                                                                              
       101 Alice      26-MAR-24        800                                                                                                                                                                                                                                                                                                                                                                                                                                                                                                                                                                                                                                                                                                                                                                                                                                                                                                                                                                                              

SQL> select * from employee;

       ENO ENAME             SAL G                                                                                                                                                                                                                                                                                                                                                                                                                                                                                                                                                                                                                                                                                                                                                                                                                                                                                                                                                                                                      
---------- ---------- ---------- -                                                                                                                                                                                                                                                                                                                                                                                                                                                                                                                                                                                                                                                                                                                                                                                                                                                                                                                                                                                                      
       101 Alice            1200 m                                                                                                                                                                                                                                                                                                                                                                                                                                                                                                                                                                                                                                                                                                                                                                                                                                                                                                                                                                                                      
       102 Ben                 0 m                                                                                                                                                                                                                                                                                                                                                                                                                                                                                                                                                                                                                                                                                                                                                                                                                                                                                                                                                                                                      

SQL> update employee
  2  set sal=2000
  3  where eno=101;

1 row updated.

SQL> select * from employee;

       ENO ENAME             SAL G                                                                                                                                                                                                                                                                                                                                                                                                                                                                                                                                                                                                                                                                                                                                                                                                                                                                                                                                                                                                      
---------- ---------- ---------- -                                                                                                                                                                                                                                                                                                                                                                                                                                                                                                                                                                                                                                                                                                                                                                                                                                                                                                                                                                                                      
       101 Alice            2000 m                                                                                                                                                                                                                                                                                                                                                                                                                                                                                                                                                                                                                                                                                                                                                                                                                                                                                                                                                                                                      
       102 Ben                 0 m                                                                                                                                                                                                                                                                                                                                                                                                                                                                                                                                                                                                                                                                                                                                                                                                                                                                                                                                                                                                      

SQL> select * from tempEmployee;

       ENO ENAME      HIKEDATE      OLDSAL                                                                                                                                                                                                                                                                                                                                                                                                                                                                                                                                                                                                                                                                                                                                                                                                                                                                                                                                                                                              
---------- ---------- --------- ----------                                                                                                                                                                                                                                                                                                                                                                                                                                                                                                                                                                                                                                                                                                                                                                                                                                                                                                                                                                                              
       101 Alice      26-MAR-24        800                                                                                                                                                                                                                                                                                                                                                                                                                                                                                                                                                                                                                                                                                                                                                                                                                                                                                                                                                                                              
       101 Alice      26-MAR-25       1200                                                                                                                                                                                                                                                                                                                                                                                                                                                                                                                                                                                                                                                                                                                                                                                                                                                                                                                                                                                              

SQL> spool off
